| Revel.go:39:12:39:19 | selection of Params : pointer type | Revel.go:39:12:39:30 | call to Get | 39 |
| Revel.go:40:15:40:22 | selection of Params : pointer type | Revel.go:32:12:32:22 | index expression | 40 |
| Revel.go:40:15:40:22 | selection of Params : pointer type | Revel.go:33:12:33:23 | call to Get | 40 |
| Revel.go:43:2:43:9 | selection of Params : pointer type | Revel.go:44:12:44:15 | val4 | 43 |
| Revel.go:46:12:46:37 | call to FormValue | Revel.go:46:12:46:37 | call to FormValue | 46 |
| Revel.go:55:15:55:22 | selection of Params : pointer type | Revel.go:32:12:32:22 | index expression | 55 |
| Revel.go:55:15:55:22 | selection of Params : pointer type | Revel.go:33:12:33:23 | call to Get | 55 |
| Revel.go:56:15:56:48 | selection of Params : map type | Revel.go:32:12:32:22 | index expression | 56 |
| Revel.go:56:15:56:48 | selection of Params : map type | Revel.go:33:12:33:23 | call to Get | 56 |
| Revel.go:60:15:60:22 | selection of Params : pointer type | Revel.go:32:12:32:22 | index expression | 60 |
| Revel.go:60:15:60:22 | selection of Params : pointer type | Revel.go:33:12:33:23 | call to Get | 60 |
| Revel.go:64:15:64:22 | selection of Params : pointer type | Revel.go:32:12:32:22 | index expression | 64 |
| Revel.go:64:15:64:22 | selection of Params : pointer type | Revel.go:33:12:33:23 | call to Get | 64 |
| Revel.go:65:12:65:41 | call to PostFormValue | Revel.go:65:12:65:41 | call to PostFormValue | 65 |
| Revel.go:69:11:69:18 | selection of Params : pointer type | Revel.go:69:11:69:34 | index expression | 69 |
| Revel.go:73:10:73:17 | selection of Params : pointer type | Revel.go:73:10:73:22 | selection of JSON | 73 |
| Revel.go:76:2:76:9 | selection of Params : pointer type | Revel.go:77:12:77:32 | type assertion | 76 |
| Revel.go:87:15:87:34 | call to GetQuery : Values | Revel.go:32:12:32:22 | index expression | 87 |
| Revel.go:87:15:87:34 | call to GetQuery : Values | Revel.go:33:12:33:23 | call to Get | 87 |
| Revel.go:88:15:88:28 | selection of Form : Values | Revel.go:32:12:32:22 | index expression | 88 |
| Revel.go:88:15:88:28 | selection of Form : Values | Revel.go:33:12:33:23 | call to Get | 88 |
| Revel.go:89:15:89:37 | selection of MultipartForm : pointer type | Revel.go:32:12:32:22 | index expression | 89 |
| Revel.go:89:15:89:37 | selection of MultipartForm : pointer type | Revel.go:33:12:33:23 | call to Get | 89 |
| Revel.go:90:12:90:32 | selection of ContentType | Revel.go:90:12:90:32 | selection of ContentType | 90 |
| Revel.go:91:12:91:36 | selection of AcceptLanguages : AcceptLanguages | Revel.go:91:12:91:48 | selection of Language | 91 |
| Revel.go:92:12:92:27 | selection of Locale | Revel.go:92:12:92:27 | selection of Locale | 92 |
| Revel.go:94:13:94:31 | call to GetForm : tuple type | Revel.go:32:12:32:22 | index expression | 94 |
| Revel.go:94:13:94:31 | call to GetForm : tuple type | Revel.go:33:12:33:23 | call to Get | 94 |
| Revel.go:97:13:97:40 | call to GetMultipartForm : tuple type | Revel.go:32:12:32:22 | index expression | 97 |
| Revel.go:97:13:97:40 | call to GetMultipartForm : tuple type | Revel.go:33:12:33:23 | call to Get | 97 |
| Revel.go:100:13:100:40 | call to GetMultipartForm : tuple type | Revel.go:101:11:101:35 | index expression | 100 |
| Revel.go:103:11:103:33 | selection of MultipartForm : pointer type | Revel.go:103:11:103:48 | index expression | 103 |
| Revel.go:105:28:105:46 | call to GetBody : Reader | Revel.go:106:10:106:13 | json | 105 |
| Revel.go:108:15:108:37 | call to Cookie : tuple type | Revel.go:109:12:109:28 | call to GetValue | 108 |
| Revel.go:111:12:111:48 | call to GetHttpHeader | Revel.go:111:12:111:48 | call to GetHttpHeader | 111 |
| Revel.go:113:12:113:36 | call to GetRequestURI | Revel.go:113:12:113:36 | call to GetRequestURI | 113 |
| Revel.go:115:15:115:41 | call to MultipartReader : tuple type | Revel.go:119:12:119:27 | type conversion | 115 |
| Revel.go:121:12:121:30 | call to Referer | Revel.go:121:12:121:30 | call to Referer | 121 |
| Revel.go:123:12:123:32 | call to UserAgent | Revel.go:123:12:123:32 | call to UserAgent | 123 |
| Revel.go:128:37:128:44 | &... : pointer type | Revel.go:129:12:129:18 | message | 128 |
| Revel.go:132:41:132:42 | &... : pointer type | Revel.go:133:12:133:12 | p | 132 |
| Revel.go:137:13:137:28 | selection of Header : pointer type | Revel.go:138:12:138:18 | tainted | 137 |
| Revel.go:140:14:140:29 | selection of Header : pointer type | Revel.go:141:12:141:22 | index expression | 140 |
